Test prompt system working correctly!
Created at: $(date)
Directory contents visible: AutomatosX project
File operations functional